﻿<?xml version="1.0" encoding="utf-8"?>
<bom xmlns:xsi="http://www.w3.org/2001/XMLSchema-instance" xmlns:xsd="http://www.w3.org/2001/XMLSchema" serialNumber="urn:uuid:3e671687-395b-41f5-a30f-a58921a69b79" version="1" xmlns="http://cyclonedx.org/schema/bom/1.6">
  <metadata>
    <licenses>
      <license>
        <id>Apache-2.0</id>
      </license>
      <license>
        <name>My License</name>
        <text content-type="text/plain">My License Text</text>
      </license>
    </licenses>
  </metadata>
</bom>
