﻿<?xml version="1.0" encoding="utf-8"?>
<bom xmlns:xsi="http://www.w3.org/2001/XMLSchema-instance" xmlns:xsd="http://www.w3.org/2001/XMLSchema" serialNumber="urn:uuid:3e671687-395b-41f5-a30f-a58921a69b79" version="1" xmlns="http://cyclonedx.org/schema/bom/1.6">
  <components>
    <component type="library">
      <name>my-json-parser</name>
      <version>1.0</version>
      <tags>
        <tag>json-parser</tag>
        <tag>javascript</tag>
        <tag>node.js</tag>
      </tags>
    </component>
  </components>
  <services>
    <service>
      <name>my service</name>
      <endpoints>
        <endpoint>https://example.com/myservice</endpoint>
      </endpoints>
      <tags>
        <tag>microservice</tag>
        <tag>golang</tag>
        <tag>aws</tag>
        <tag>us-east-1</tag>
      </tags>
    </service>
  </services>
</bom>
