{
  "BomFormat": "CycloneDX",
  "SpecVersion": "v1_6",
  "SpecVersionString": "1.6",
  "SerialNumber": "urn:uuid:3e671687-395b-41f5-a30f-a58921a69b79",
  "Version": 1,
  "NonNullableVersion": 1,
  "Metadata": null,
  "Components": [
    {
      "Type": "Library",
      "MimeType": null,
      "BomRef": null,
      "Supplier": null,
      "Author": null,
      "Publisher": null,
      "Group": null,
      "Name": "my-json-parser",
      "Version": "1.0",
      "Description": null,
      "Scope": null,
      "Licenses": null,
      "Copyright": null,
      "Cpe": null,
      "Purl": null,
      "Swid": null,
      "Modified": null,
      "Pedigree": null,
      "Evidence": null,
      "ModelCard": null,
      "CryptoProperties": null,
      "Tags": [
        "json-parser",
        "javascript",
        "node.js"
      ],
      "XmlSignature": null,
      "Signature": null
    }
  ],
  "Services": [
    {
      "BomRef": null,
      "Provider": null,
      "Group": null,
      "Name": "my service",
      "Version": null,
      "Description": null,
      "Endpoints": [
        "https://example.com/myservice"
      ],
      "Authenticated": null,
      "XTrustBoundary": null,
      "TrustZone": null,
      "Licenses": null,
      "XmlSignature": null,
      "Signature": null,
      "Tags": [
        "microservice",
        "golang",
        "aws",
        "us-east-1"
      ]
    }
  ],
  "Compositions": null,
  "Definitions": null,
  "XmlSignature": null,
  "Signature": null
}
