{
  "BomFormat": "CycloneDX",
  "SpecVersion": "v1_6",
  "SpecVersionString": "1.6",
  "SerialNumber": "urn:uuid:3e671687-395b-41f5-a30f-a58921a69b79",
  "Version": 1,
  "NonNullableVersion": 1,
  "Metadata": null,
  "Components": [
    {
      "Type": "Application",
      "MimeType": null,
      "BomRef": null,
      "Supplier": null,
      "Author": "Acme Super Heros",
      "Author_Xml": "Acme Super Heros",
      "Publisher": null,
      "Group": null,
      "Name": "Acme Application",
      "Version": "9.1.1",
      "Description": null,
      "Scope": null,
      "Licenses": null,
      "Copyright": null,
      "Cpe": null,
      "Purl": null,
      "Swid": {
        "TagId": "swidgen-242eb18a-503e-ca37-393b-cf156ef09691_9.1.1",
        "Name": "Acme Application",
        "Version": "9.1.1",
        "TagVersion": 0,
        "Patch": false,
        "Text": {
          "ContentType": "text/xml",
          "Encoding": "base64",
          "Content": "PD94bWwgdmVyc2lvbj0iMS4wIiBlbmNvZGluZz0idXRmLTgiID8+CjxTb2Z0d2FyZUlkZW50aXR5IHhtbDpsYW5nPSJFTiIgbmFtZT0iQWNtZSBBcHBsaWNhdGlvbiIgdmVyc2lvbj0iOS4xLjEiIAogdmVyc2lvblNjaGVtZT0ibXVsdGlwYXJ0bnVtZXJpYyIgCiB0YWdJZD0ic3dpZGdlbi1iNTk1MWFjOS00MmMwLWYzODItM2YxZS1iYzdhMmE0NDk3Y2JfOS4xLjEiIAogeG1sbnM9Imh0dHA6Ly9zdGFuZGFyZHMuaXNvLm9yZy9pc28vMTk3NzAvLTIvMjAxNS9zY2hlbWEueHNkIj4gCiB4bWxuczp4c2k9Imh0dHA6Ly93d3cudzMub3JnLzIwMDEvWE1MU2NoZW1hLWluc3RhbmNlIiAKIHhzaTpzY2hlbWFMb2NhdGlvbj0iaHR0cDovL3N0YW5kYXJkcy5pc28ub3JnL2lzby8xOTc3MC8tMi8yMDE1LWN1cnJlbnQvc2NoZW1hLnhzZCBzY2hlbWEueHNkIiA+CiAgPE1ldGEgZ2VuZXJhdG9yPSJTV0lEIFRhZyBPbmxpbmUgR2VuZXJhdG9yIHYwLjEiIC8+IAogIDxFbnRpdHkgbmFtZT0iQWNtZSwgSW5jLiIgcmVnaWQ9ImV4YW1wbGUuY29tIiByb2xlPSJ0YWdDcmVhdG9yIiAvPiAKPC9Tb2Z0d2FyZUlkZW50aXR5Pg=="
        },
        "Url": null
      },
      "Modified": null,
      "Pedigree": null,
      "Evidence": null,
      "ModelCard": null,
      "Data": null,
      "CryptoProperties": null,
      "XmlSignature": null,
      "Signature": null
    }
  ],
  "Compositions": null,
  "Definitions": null,
  "XmlSignature": null,
  "Signature": null
}
