{
  "BomFormat": "CycloneDX",
  "SpecVersion": "v1_6",
  "SpecVersionString": "1.6",
  "SerialNumber": "urn:uuid:3e671687-395b-41f5-a30f-a58921a69b79",
  "Version": 1,
  "NonNullableVersion": 1,
  "Metadata": null,
  "Components": null,
  "Services": [
    {
      "BomRef": "b2a46a4b-8367-4bae-9820-95557cfe03a8",
      "Provider": {
        "Name": null,
        "Url": null,
        "Contact": null,
        "BomRef": null,
        "Address": null
      },
      "Group": null,
      "Name": "Stock ticker service",
      "Version": null,
      "Description": null,
      "Endpoints": null,
      "Authenticated": null,
      "XTrustBoundary": null,
      "TrustZone": null,
      "Licenses": null,
      "XmlSignature": null,
      "Signature": null
    }
  ],
  "Compositions": null,
  "Definitions": null,
  "XmlSignature": null,
  "Signature": null
}
