{
  "BomFormat": "CycloneDX",
  "SpecVersion": "v1_6",
  "SpecVersionString": "1.6",
  "SerialNumber": "urn:uuid:3e671687-395b-41f5-a30f-a58921a69b79",
  "Version": 1,
  "NonNullableVersion": 1,
  "Metadata": {
    "Tools": null,
    "ProtobufTools": null,
    "Authors": null,
    "Component": null,
    "Manufacture": null,
    "Supplier": null,
    "Properties": [
      {
        "Name": "Foo",
        "Value": "Bar"
      },
      {
        "Name": "Foo",
        "Value": "Two"
      },
      {
        "Name": "Bar",
        "Value": "Foo"
      },
      {
        "Name": "value-is-optional",
        "Value": null
      }
    ]
  },
  "Components": [
    {
      "Type": "Library",
      "MimeType": null,
      "BomRef": null,
      "Supplier": null,
      "Author": null,
      "Publisher": null,
      "Group": null,
      "Name": "acme-library",
      "Version": "1.0.0",
      "Description": null,
      "Scope": null,
      "Licenses": [
        {
          "License": {
            "Id": "Apache-2.0",
            "Text": null,
            "Url": null,
            "BomRef": null,
            "Licensing": null,
            "Properties": [
              {
                "Name": "Foo",
                "Value": "Bar"
              },
              {
                "Name": "Foo",
                "Value": "Two"
              },
              {
                "Name": "Bar",
                "Value": "Foo"
              },
              {
                "Name": "value-is-optional",
                "Value": null
              }
            ]
          },
          "Expression": null,
          "BomRef": null
        }
      ],
      "LicensesSerialized": {
        "Licenses": [
          {
            "License": {
              "Id": "Apache-2.0",
              "Text": null,
              "Url": null,
              "BomRef": null,
              "Licensing": null,
              "Properties": [
                {
                  "Name": "Foo",
                  "Value": "Bar"
                },
                {
                  "Name": "Foo",
                  "Value": "Two"
                },
                {
                  "Name": "Bar",
                  "Value": "Foo"
                },
                {
                  "Name": "value-is-optional",
                  "Value": null
                }
              ]
            },
            "Expression": null,
            "BomRef": null
          }
        ]
      },
      "Copyright": null,
      "Cpe": null,
      "Purl": null,
      "Swid": null,
      "Modified": null,
      "Pedigree": null,
      "Properties": [
        {
          "Name": "Foo",
          "Value": "Bar"
        },
        {
          "Name": "Foo",
          "Value": "Two"
        },
        {
          "Name": "Bar",
          "Value": "Foo"
        },
        {
          "Name": "value-is-optional",
          "Value": null
        }
      ],
      "Evidence": null,
      "ModelCard": null,
      "CryptoProperties": null,
      "XmlSignature": null,
      "Signature": null
    }
  ],
  "Services": [
    {
      "BomRef": "b2a46a4b-8367-4bae-9820-95557cfe03a8",
      "Provider": null,
      "Group": "org.partner",
      "Name": "Stock ticker service",
      "Version": null,
      "Description": null,
      "Endpoints": [
        "https://partner.org/api/v1/stock"
      ],
      "Authenticated": null,
      "XTrustBoundary": null,
      "TrustZone": null,
      "Licenses": null,
      "Properties": [
        {
          "Name": "Foo",
          "Value": "Bar"
        },
        {
          "Name": "Foo",
          "Value": "Two"
        },
        {
          "Name": "Bar",
          "Value": "Foo"
        },
        {
          "Name": "value-is-optional",
          "Value": null
        }
      ],
      "XmlSignature": null,
      "Signature": null
    }
  ],
  "Compositions": null,
  "Definitions": null,
  "XmlSignature": null,
  "Signature": null
}
