{
  "BomFormat": "CycloneDX",
  "SpecVersion": "v1_6",
  "SpecVersionString": "1.6",
  "SerialNumber": "urn:uuid:3e671687-395b-41f5-a30f-a58921a69b79",
  "Version": 1,
  "NonNullableVersion": 1,
  "Metadata": {
    "Tools": null,
    "ProtobufTools": null,
    "Authors": null,
    "Component": null,
    "Manufacture": null,
    "Supplier": null,
    "Licenses": [
      {
        "License": {
          "Id": "Apache-2.0",
          "Text": null,
          "Url": null,
          "BomRef": null,
          "Licensing": null
        },
        "Expression": null,
        "BomRef": null
      },
      {
        "License": {
          "Name": "My License",
          "Text": {
            "ContentType": "text/plain",
            "Encoding": null,
            "Content": "My License Text"
          },
          "Url": null,
          "BomRef": null,
          "Licensing": null
        },
        "Expression": null,
        "BomRef": null
      }
    ],
    "LicensesSerialized": {
      "Licenses": [
        {
          "License": {
            "Id": "Apache-2.0",
            "Text": null,
            "Url": null,
            "BomRef": null,
            "Licensing": null
          },
          "Expression": null,
          "BomRef": null
        },
        {
          "License": {
            "Name": "My License",
            "Text": {
              "ContentType": "text/plain",
              "Encoding": null,
              "Content": "My License Text"
            },
            "Url": null,
            "BomRef": null,
            "Licensing": null
          },
          "Expression": null,
          "BomRef": null
        }
      ]
    }
  },
  "Components": null,
  "Compositions": null,
  "Definitions": null,
  "XmlSignature": null,
  "Signature": null
}
