{
  "BomFormat": "CycloneDX",
  "SpecVersion": "v1_6",
  "SpecVersionString": "1.6",
  "SerialNumber": "urn:uuid:3e671687-395b-41f5-a30f-a58921a69b79",
  "Version": 1,
  "NonNullableVersion": 1,
  "Metadata": null,
  "Components": [
    {
      "Type": "Library",
      "MimeType": null,
      "BomRef": null,
      "Supplier": null,
      "Author": null,
      "Publisher": null,
      "Group": null,
      "Name": "acme-library",
      "Version": null,
      "Description": null,
      "Scope": null,
      "Licenses": null,
      "Copyright": null,
      "Cpe": null,
      "Purl": null,
      "Swid": null,
      "Modified": null,
      "Pedigree": null,
      "Evidence": null,
      "ModelCard": null,
      "CryptoProperties": null,
      "XmlSignature": null,
      "Signature": null
    }
  ],
  "Compositions": null,
  "Definitions": null,
  "XmlSignature": null,
  "Signature": null
}
