{
  "BomFormat": "CycloneDX",
  "SpecVersion": "v1_6",
  "SpecVersionString": "1.6",
  "SerialNumber": "urn:uuid:3e671687-395b-41f5-a30f-a58921a69b79",
  "Version": 1,
  "NonNullableVersion": 1,
  "Metadata": null,
  "Components": [
    {
      "Type": "Application",
      "MimeType": null,
      "BomRef": null,
      "Supplier": null,
      "Author": null,
      "Publisher": null,
      "Group": null,
      "Name": "application-a",
      "Version": "1.0",
      "Description": null,
      "Scope": null,
      "Licenses": null,
      "Copyright": null,
      "Cpe": null,
      "Purl": null,
      "Swid": null,
      "Modified": null,
      "Pedigree": null,
      "Evidence": null,
      "ModelCard": null,
      "CryptoProperties": null,
      "XmlSignature": null,
      "Signature": null
    },
    {
      "Type": "Library",
      "MimeType": null,
      "BomRef": null,
      "Supplier": null,
      "Author": null,
      "Publisher": null,
      "Group": null,
      "Name": "library-a",
      "Version": "1.0",
      "Description": null,
      "Scope": null,
      "Licenses": null,
      "Copyright": null,
      "Cpe": null,
      "Purl": null,
      "Swid": null,
      "Modified": null,
      "Pedigree": null,
      "Evidence": null,
      "ModelCard": null,
      "CryptoProperties": null,
      "XmlSignature": null,
      "Signature": null
    },
    {
      "Type": "Framework",
      "MimeType": null,
      "BomRef": null,
      "Supplier": null,
      "Author": null,
      "Publisher": null,
      "Group": null,
      "Name": "framework-a",
      "Version": "1.0",
      "Description": null,
      "Scope": null,
      "Licenses": null,
      "Copyright": null,
      "Cpe": null,
      "Purl": null,
      "Swid": null,
      "Modified": null,
      "Pedigree": null,
      "Evidence": null,
      "ModelCard": null,
      "CryptoProperties": null,
      "XmlSignature": null,
      "Signature": null
    },
    {
      "Type": "Container",
      "MimeType": null,
      "BomRef": null,
      "Supplier": null,
      "Author": null,
      "Publisher": null,
      "Group": null,
      "Name": "container-a",
      "Version": "1.0",
      "Description": null,
      "Scope": null,
      "Licenses": null,
      "Copyright": null,
      "Cpe": null,
      "Purl": null,
      "Swid": null,
      "Modified": null,
      "Pedigree": null,
      "Evidence": null,
      "ModelCard": null,
      "CryptoProperties": null,
      "XmlSignature": null,
      "Signature": null
    },
    {
      "Type": "Operating_System",
      "MimeType": null,
      "BomRef": null,
      "Supplier": null,
      "Author": null,
      "Publisher": null,
      "Group": null,
      "Name": "operating-system-a",
      "Version": "1.0",
      "Description": null,
      "Scope": null,
      "Licenses": null,
      "Copyright": null,
      "Cpe": null,
      "Purl": null,
      "Swid": null,
      "Modified": null,
      "Pedigree": null,
      "Evidence": null,
      "ModelCard": null,
      "CryptoProperties": null,
      "XmlSignature": null,
      "Signature": null
    },
    {
      "Type": "Firmware",
      "MimeType": null,
      "BomRef": null,
      "Supplier": null,
      "Author": null,
      "Publisher": null,
      "Group": null,
      "Name": "firmware-a",
      "Version": "1.0",
      "Description": null,
      "Scope": null,
      "Licenses": null,
      "Copyright": null,
      "Cpe": null,
      "Purl": null,
      "Swid": null,
      "Modified": null,
      "Pedigree": null,
      "Evidence": null,
      "ModelCard": null,
      "CryptoProperties": null,
      "XmlSignature": null,
      "Signature": null
    },
    {
      "Type": "Device",
      "MimeType": null,
      "BomRef": null,
      "Supplier": null,
      "Author": null,
      "Publisher": null,
      "Group": null,
      "Name": "device-a",
      "Version": "1.0",
      "Description": null,
      "Scope": null,
      "Licenses": null,
      "Copyright": null,
      "Cpe": null,
      "Purl": null,
      "Swid": null,
      "Modified": null,
      "Pedigree": null,
      "Evidence": null,
      "ModelCard": null,
      "CryptoProperties": null,
      "XmlSignature": null,
      "Signature": null
    },
    {
      "Type": "File",
      "MimeType": null,
      "BomRef": null,
      "Supplier": null,
      "Author": null,
      "Publisher": null,
      "Group": null,
      "Name": "file-a",
      "Version": "1.0",
      "Description": null,
      "Scope": null,
      "Licenses": null,
      "Copyright": null,
      "Cpe": null,
      "Purl": null,
      "Swid": null,
      "Modified": null,
      "Pedigree": null,
      "Evidence": null,
      "ModelCard": null,
      "CryptoProperties": null,
      "XmlSignature": null,
      "Signature": null
    },
    {
      "Type": "Data",
      "MimeType": null,
      "BomRef": null,
      "Supplier": null,
      "Author": null,
      "Publisher": null,
      "Group": null,
      "Name": "data-a",
      "Version": "1.0",
      "Description": null,
      "Scope": null,
      "Licenses": null,
      "Copyright": null,
      "Cpe": null,
      "Purl": null,
      "Swid": null,
      "Modified": null,
      "Pedigree": null,
      "Evidence": null,
      "ModelCard": null,
      "CryptoProperties": null,
      "XmlSignature": null,
      "Signature": null
    }
  ],
  "Compositions": null,
  "Definitions": null,
  "XmlSignature": null,
  "Signature": null
}
