{
  "BomFormat": "CycloneDX",
  "SpecVersion": "v1_6",
  "SpecVersionString": "1.6",
  "SerialNumber": "urn:uuid:3e671687-395b-41f5-a30f-a58921a69b79",
  "Version": 1,
  "NonNullableVersion": 1,
  "Metadata": {
    "Tools": null,
    "ProtobufTools": null,
    "Authors": null,
    "Component": {
      "Type": "Application",
      "MimeType": null,
      "BomRef": "acme-application",
      "Supplier": null,
      "Author": null,
      "Publisher": null,
      "Group": null,
      "Name": "Acme Application",
      "Version": "1.0",
      "Description": null,
      "Scope": null,
      "Licenses": null,
      "Copyright": null,
      "Cpe": null,
      "Purl": null,
      "Swid": null,
      "Modified": null,
      "Pedigree": null,
      "Evidence": null,
      "ModelCard": null,
      "Data": null,
      "CryptoProperties": null,
      "XmlSignature": null,
      "Signature": null
    },
    "Manufacture": null,
    "Supplier": null
  },
  "Components": [
    {
      "Type": "Cryptographic_Asset",
      "MimeType": null,
      "BomRef": "aes128gcm",
      "Supplier": null,
      "Author": null,
      "Publisher": null,
      "Group": null,
      "Name": "AES",
      "Version": null,
      "Description": null,
      "Scope": null,
      "Licenses": null,
      "Copyright": null,
      "Cpe": null,
      "Purl": null,
      "Swid": null,
      "Modified": null,
      "Pedigree": null,
      "Evidence": null,
      "ModelCard": null,
      "Data": null,
      "CryptoProperties": {
        "AssetType": "Algorithm",
        "AlgorithmProperties": {
          "Primitive": "AE",
          "Primitive_XML": "AE",
          "ParameterSetIdentifier": "128",
          "Curve": null,
          "ExecutionEnvironment": "Software_Plain_Ram",
          "ImplementationPlatform": "x86_64",
          "CertificationLevel": [
            "None"
          ],
          "CertificationLevel_Protobuf": [
            "none"
          ],
          "Mode": "Gcm",
          "Padding": null,
          "CryptoFunctions": [
            "Keygen",
            "Encrypt",
            "Decrypt",
            "Tag"
          ],
          "ClassicalSecurityLevel": 128,
          "NistQuantumSecurityLevel": 1
        },
        "CertificateProperties": null,
        "RelatedCryptoMaterialProperties": null,
        "ProtocolProperties": null,
        "ObjectIdentifier": "oid:2.16.840.1.101.3.4.1.6"
      },
      "XmlSignature": null,
      "Signature": null
    },
    {
      "Type": "Library",
      "MimeType": null,
      "BomRef": "crypto-library",
      "Supplier": null,
      "Author": null,
      "Publisher": null,
      "Group": null,
      "Name": "Crypto library",
      "Version": "1.0.0",
      "Description": null,
      "Scope": null,
      "Licenses": null,
      "Copyright": null,
      "Cpe": null,
      "Purl": null,
      "Swid": null,
      "Modified": null,
      "Pedigree": null,
      "Evidence": null,
      "ModelCard": null,
      "Data": null,
      "CryptoProperties": null,
      "XmlSignature": null,
      "Signature": null
    },
    {
      "Type": "Library",
      "MimeType": null,
      "BomRef": "some-library",
      "Supplier": null,
      "Author": null,
      "Publisher": null,
      "Group": null,
      "Name": "Some library",
      "Version": "1.0.0",
      "Description": null,
      "Scope": null,
      "Licenses": null,
      "Copyright": null,
      "Cpe": null,
      "Purl": null,
      "Swid": null,
      "Modified": null,
      "Pedigree": null,
      "Evidence": null,
      "ModelCard": null,
      "Data": null,
      "CryptoProperties": null,
      "XmlSignature": null,
      "Signature": null
    }
  ],
  "Dependencies": [
    {
      "Ref": "acme-application",
      "Dependencies": [
        {
          "Ref": "crypto-library",
          "Dependencies": null,
          "Provides": null
        }
      ],
      "Provides": null
    },
    {
      "Ref": "crypto-library",
      "Dependencies": [
        {
          "Ref": "some-library",
          "Dependencies": null,
          "Provides": null
        }
      ],
      "Provides": [
        {
          "Ref": "aes128gcm"
        }
      ],
      "Provides_Protobuf": [
        "aes128gcm"
      ]
    }
  ],
  "Compositions": null,
  "Definitions": null,
  "XmlSignature": null,
  "Signature": null
}
