{
  "BomFormat": "CycloneDX",
  "SpecVersion": "v1_6",
  "SpecVersionString": "1.6",
  "SerialNumber": null,
  "Version": null,
  "Metadata": {
    "Tools": {
      "Tools": null
    },
    "ProtobufTools": [],
    "Authors": null,
    "Component": {
      "Type": "Null",
      "MimeType": null,
      "BomRef": "Thing@1",
      "Supplier": null,
      "Author": null,
      "Publisher": null,
      "Group": null,
      "Name": "Thing",
      "Version": "1",
      "Description": null,
      "Scope": null,
      "Licenses": null,
      "Copyright": null,
      "Cpe": null,
      "Purl": null,
      "Swid": null,
      "Modified": null,
      "Pedigree": null,
      "Evidence": null,
      "ModelCard": null,
      "Data": null,
      "CryptoProperties": null,
      "XmlSignature": null,
      "Signature": null
    },
    "Manufacture": null,
    "Supplier": null
  },
  "Components": [
    {
      "Type": "Null",
      "MimeType": null,
      "BomRef": "System1@1:System1@1",
      "Supplier": null,
      "Author": null,
      "Publisher": null,
      "Group": null,
      "Name": "System1",
      "Version": "1",
      "Description": null,
      "Scope": null,
      "Licenses": null,
      "Copyright": null,
      "Cpe": null,
      "Purl": null,
      "Swid": null,
      "Modified": null,
      "Pedigree": null,
      "Evidence": null,
      "ModelCard": null,
      "Data": null,
      "CryptoProperties": null,
      "XmlSignature": null,
      "Signature": null
    },
    {
      "Type": "Null",
      "MimeType": null,
      "BomRef": "System2@1:System2@1",
      "Supplier": null,
      "Author": null,
      "Publisher": null,
      "Group": null,
      "Name": "System2",
      "Version": "1",
      "Description": null,
      "Scope": null,
      "Licenses": null,
      "Copyright": null,
      "Cpe": null,
      "Purl": null,
      "Swid": null,
      "Modified": null,
      "Pedigree": null,
      "Evidence": null,
      "ModelCard": null,
      "Data": null,
      "CryptoProperties": null,
      "XmlSignature": null,
      "Signature": null
    }
  ],
  "Dependencies": [
    {
      "Ref": "Thing@1",
      "Dependencies": [
        {
          "Ref": "System1@1:System1@1",
          "Dependencies": null,
          "Provides": null
        },
        {
          "Ref": "System2@1:System2@1",
          "Dependencies": null,
          "Provides": null
        }
      ],
      "Provides": null
    }
  ],
  "Compositions": null,
  "Vulnerabilities": [
    {
      "BomRef": null,
      "Id": "cve1",
      "Source": null,
      "Ratings": null,
      "CWES": null,
      "Description": null,
      "Detail": null,
      "Recommendation": null,
      "Workaround": null,
      "ProofOfConcept": null,
      "Advisories": null,
      "Credits": null,
      "Analysis": null,
      "Affects": [
        {
          "Ref": "Thing@1",
          "Versions": null
        }
      ]
    },
    {
      "BomRef": null,
      "Id": "cve2",
      "Source": null,
      "Ratings": null,
      "CWES": null,
      "Description": null,
      "Detail": null,
      "Recommendation": null,
      "Workaround": null,
      "ProofOfConcept": null,
      "Advisories": null,
      "Credits": null,
      "Analysis": null,
      "Affects": [
        {
          "Ref": "Thing@1",
          "Versions": null
        }
      ]
    }
  ],
  "Definitions": null,
  "XmlSignature": null,
  "Signature": null
}
