﻿<?xml version="1.0" encoding="utf-8"?>
<bom xmlns:xsi="http://www.w3.org/2001/XMLSchema-instance" xmlns:xsd="http://www.w3.org/2001/XMLSchema" serialNumber="urn:uuid:3e671687-395b-41f5-a30f-a58921a69b79" version="1" xmlns="http://cyclonedx.org/schema/bom/1.5">
  <components>
    <component type="library">
      <name>acme-example</name>
      <version>1.0.0</version>
      <releaseNotes>
        <type>major</type>
        <title>My new release</title>
        <featuredImage>https://example.com/featured_image.png</featuredImage>
        <socialImage>https://example.com/social_image.png</socialImage>
        <description>The main description of your release</description>
        <timestamp>2021-09-17T00:51:18Z</timestamp>
        <aliases>
          <alias>Project Orion</alias>
        </aliases>
        <tags>
          <tag>CMS</tag>
          <tag>SEO</tag>
          <tag>wysiwyg</tag>
        </tags>
        <resolves>
          <issue type="enhancement">
            <id>JIRA-17240</id>
            <description>Great new feature that does something</description>
            <source>
              <name>Acme Org</name>
              <url>https://issues.example.com/17240</url>
            </source>
            <references />
          </issue>
          <issue type="security">
            <id>CVE-2019-9997</id>
            <name>CVE-2019-9997</name>
            <description>A security issue was fixed that did something bad</description>
            <source>
              <name>NVD</name>
              <url>https://nvd.nist.gov/vuln/detail/CVE-2019-9997</url>
            </source>
            <references>
              <url>http://some/other/site-1</url>
              <url>http://some/other/site-2</url>
            </references>
          </issue>
        </resolves>
        <notes>
          <note>
            <locale>en-US</locale>
            <text content-type="text/html" encoding="base64">PGgxPk15IG5ldyByZWxlYXNlPGgxPgo8cD5SZWxlYXNlIG5vdGVzIGhlcmU8L3A+</text>
          </note>
          <note>
            <locale>es</locale>
            <text content-type="text/html" encoding="base64">PGgxPk15IG5ldyByZWxlYXNlPGgxPgo8cD5Ob3RhcyBkZSBsYSB2ZXJzacOzbiBhcXXDrTwvcD4=</text>
          </note>
        </notes>
        <properties />
      </releaseNotes>
    </component>
  </components>
  <services>
    <service bom-ref="b2a46a4b-8367-4bae-9820-95557cfe03a8">
      <provider>
        <name>Partner Org</name>
        <url>https://partner.org</url>
        <contact>
          <name>Support</name>
          <email>support@partner</email>
          <phone>800-555-1212</phone>
        </contact>
      </provider>
      <group>org.partner</group>
      <name>Stock ticker service</name>
      <version>2020-Q2</version>
      <description>Provides real-time stock information</description>
      <endpoints>
        <endpoint>https://partner.org/api/v1/lookup</endpoint>
        <endpoint>https://partner.org/api/v1/stock</endpoint>
      </endpoints>
      <authenticated>true</authenticated>
      <x-trust-boundary>true</x-trust-boundary>
      <data>
        <dataflow>
          <classification flow="inbound">PII</classification>
        </dataflow>
        <dataflow>
          <classification flow="outbound">PIFI</classification>
        </dataflow>
        <dataflow>
          <classification flow="bi-directional">pubic</classification>
        </dataflow>
        <dataflow>
          <classification flow="unknown">partner-data</classification>
        </dataflow>
      </data>
      <licenses>
        <license>
          <name>Partner license</name>
        </license>
      </licenses>
      <externalReferences>
        <reference type="website">
          <url>http://partner.org</url>
        </reference>
        <reference type="documentation">
          <url>http://api.partner.org/swagger</url>
        </reference>
      </externalReferences>
      <releaseNotes>
        <type>major</type>
        <title>My new release</title>
        <featuredImage>https://example.com/featured_image.png</featuredImage>
        <socialImage>https://example.com/social_image.png</socialImage>
        <description>The main description of your release</description>
        <timestamp>2021-09-17T00:51:18Z</timestamp>
        <aliases>
          <alias>Project Orion</alias>
        </aliases>
        <tags>
          <tag>CMS</tag>
          <tag>SEO</tag>
          <tag>wysiwyg</tag>
        </tags>
        <resolves>
          <issue type="enhancement">
            <id>JIRA-17240</id>
            <description>Great new feature that does something</description>
            <source>
              <name>Acme Org</name>
              <url>https://issues.example.com/17240</url>
            </source>
            <references />
          </issue>
          <issue type="security">
            <id>CVE-2019-9997</id>
            <name>CVE-2019-9997</name>
            <description>A security issue was fixed that did something bad</description>
            <source>
              <name>NVD</name>
              <url>https://nvd.nist.gov/vuln/detail/CVE-2019-9997</url>
            </source>
            <references>
              <url>http://some/other/site-1</url>
              <url>http://some/other/site-2</url>
            </references>
          </issue>
        </resolves>
        <notes>
          <note>
            <locale>en-US</locale>
            <text content-type="text/html" encoding="base64">PGgxPk15IG5ldyByZWxlYXNlPGgxPgo8cD5SZWxlYXNlIG5vdGVzIGhlcmU8L3A+</text>
          </note>
          <note>
            <locale>es</locale>
            <text content-type="text/html" encoding="base64">PGgxPk15IG5ldyByZWxlYXNlPGgxPgo8cD5Ob3RhcyBkZSBsYSB2ZXJzacOzbiBhcXXDrTwvcD4=</text>
          </note>
        </notes>
        <properties />
      </releaseNotes>
    </service>
  </services>
</bom>
