{
  "bomFormat": "CycloneDX",
  "specVersion": "1.6",
  "metadata": {
    "timestamp": "2020-04-13T20:20:39Z",
    "properties": [
      {
        "name": "spdx:spdxid",
        "value": "SPDXRef-DOCUMENT"
      },
      {
        "name": "spdx:document:spdx-version",
        "value": "SPDX-2.3"
      },
      {
        "name": "spdx:document:name",
        "value": "CycloneDX BOM"
      },
      {
        "name": "spdx:document:document-namespace",
        "value": "http://spdx.org/spdxdocs/CycloneDX BOM-3e671687-395b-41f5-a30f-a58921a69b79"
      },
      {
        "name": "spdx:creation-info:comment",
        "value": "This SPDX document has been converted from CycloneDX format."
      }
    ]
  }
}
