{
  "SPDXID": "SPDXRef-DOCUMENT",
  "spdxVersion": "SPDX-2.3",
  "creationInfo": {
    "comment": "This SPDX document has been converted from CycloneDX format.",
    "created": "2020-04-13T20:20:39Z",
    "creators": [
      "Tool: Awesome Tool-9.1.2",
      "Person: Samantha Wright (samantha.wright@example.com)"
    ]
  },
  "name": "Acme Application-9.1.1",
  "dataLicense": "CC0-1.0",
  "documentNamespace": "http://spdx.org/spdxdocs/Acme Application-9.1.1-3e671687-395b-41f5-a30f-a58921a69b79",
  "packages": [
    {
      "SPDXID": "SPDXRef-pkg:npm/acme/component@1.0.0",
      "checksums": [
        {
          "algorithm": "MD5",
          "checksumValue": "3942447fac867ae5cdb3229b658f4d48"
        },
        {
          "algorithm": "SHA1",
          "checksumValue": "e6b1000b94e835ffd37f4c6dcbdad43f4b48a02a"
        },
        {
          "algorithm": "SHA256",
          "checksumValue": "f498a8ff2dd007e29c2074f5e4b01a9a01775c3ff3aeaf6906ea503bc5791b7b"
        },
        {
          "algorithm": "SHA512",
          "checksumValue": "e8f33e424f3f4ed6db76a482fde1a5298970e442c531729119e37991884bdffab4f9426b7ee11fccd074eeda0634d71697d6f88a460dce0ac8d627a29f7d1282"
        }
      ],
      "downloadLocation": "NOASSERTION",
      "licenseDeclared": "Apache-2.0",
      "name": "tomcat-catalina",
      "primaryPackagePurpose": "LIBRARY",
      "versionInfo": "9.0.14"
    },
    {
      "SPDXID": "SPDXRef-Package-2",
      "downloadLocation": "NOASSERTION",
      "name": "mylibrary",
      "originator": "Person: Example Super Heros ()",
      "primaryPackagePurpose": "LIBRARY",
      "supplier": "Person: Example, Inc. (support@example.com)",
      "versionInfo": "1.0.0"
    }
  ]
}
