spec_version: "1.5"
version: 1
serial_number: "urn:uuid:3e671687-395b-41f5-a30f-a58921a69b79"
components {
  type: CLASSIFICATION_LIBRARY
  publisher: "Acme Inc"
  group: "org.example"
  name: "mylibrary"
  version: "1.0.0"
}
formulation {
  bom_ref: "formula-1"
  components {
    type: CLASSIFICATION_PLATFORM
    bom_ref: "component-1"
    name: "Pipeline controller image"
    version: "v0.47.0"
  }
  workflows {
    bom_ref: "workflow-1"
    uid: "8edb2b08-e2c7-11ed-b5ea-0242ac120002"
    name: "My workflow"
    description: "Workflow description here"
    properties {
      name: "Foo"
      value: "Bar"
    }
    resourceReferences {
      ref: "component-a"
    }
    tasks {
      bom_ref: "task-1"
      uid: "task-uid-1"
      name: "fetch-repository"
      description: "Description here"
      resourceReferences {
        ref: "component-a"
      }
      taskTypes: TASK_TYPE_CLONE
      taskTypes: TASK_TYPE_BUILD
      trigger {
        bom_ref: "trigger-1"
        uid: "trigger-1"
        type: TRIGGER_TYPE_API
      }
      steps {
        name: "My step"
      }
      inputs {
        resource {
          ref: "component-a"
        }
      }
      outputs {
        resource {
          ref: "component-b"
        }
      }
      timeStart {
        seconds: 1672531200
      }
      timeEnd {
        seconds: 1672531200
      }
      workspaces {
        bom_ref: "workspace-1"
        uid: "workspace-uid-1"
        name: "workspace"
      }
      runtimeTopology {
        ref: "task-1"
        dependencies {
          ref: "task-2"
        }
      }
    }
    taskDependencies {
      ref: "task-1"
      dependencies {
        ref: "task-2"
      }
    }
    taskTypes: TASK_TYPE_CLONE
    taskTypes: TASK_TYPE_BUILD
    trigger {
      bom_ref: "trigger-2"
      uid: "trigger-uid-2"
      name: "My trigger"
      description: "Description here"
      properties {
        name: "Foo"
        value: "Bar"
      }
      resourceReferences {
        ref: "component-a"
      }
      type: TRIGGER_TYPE_API
      event {
        uid: "event-1"
        description: "Description here"
        timeReceived {
          seconds: 1672531200
        }
        data {
          content_type: "text/plain"
          value: "Foo/Bar"
        }
        source {
          ref: "component-g"
        }
        target {
          ref: "component-h"
        }
        properties {
          name: "Foo"
          value: "Bar"
        }
      }
      conditions {
        description: "Description here"
        expression: "1 == 1"
        properties {
          name: "Foo"
          value: "Bar"
        }
      }
      timeActivated {
        seconds: 1672531200
      }
      inputs {
        source {
          ref: "component-11"
        }
        target {
          ref: "component-12"
        }
        resource {
          ref: "component-10"
        }
      }
      outputs {
        type: OUTPUT_TYPE_ARTIFACT
        source {
          ref: "component-15"
        }
        target {
          ref: "component-16"
        }
        resource {
          ref: "component-14"
        }
      }
    }
    steps {
      name: "My step"
      description: "Description here"
      commands {
        executed: "ls -las"
        properties {
          name: "Foo"
          value: "Bar"
        }
      }
      properties {
        name: "Foo"
        value: "Bar"
      }
    }
    inputs {
      environmentVars {
        property {
          name: "Foo"
          value: "Bar"
        }
      }
    }
    inputs {
      environmentVars {
        value: "FooBar"
      }
    }
    inputs {
      environmentVars {
        property {
          name: "Foo"
          value: "Bar"
        }
      }
      environmentVars {
        value: "FooBar"
      }
    }
    outputs {
      environmentVars {
        property {
          name: "Foo"
          value: "Bar"
        }
      }
    }
    outputs {
      environmentVars {
        value: "FooBar"
      }
    }
    outputs {
      environmentVars {
        property {
          name: "Foo"
          value: "Bar"
        }
      }
      environmentVars {
        value: "FooBar"
      }
    }
    timeStart {
      seconds: 1672531200
    }
    timeEnd {
      seconds: 1672495200
    }
    workspaces {
      bom_ref: "workspace-1"
      uid: "workspace-1"
      name: "My workspace"
      aliases: "default-workspace"
      description: "Description here"
      resourceReferences {
        ref: "component-t"
      }
      accessMode: ACCESS_MODE_READ_WRITE
      mountPath: "/tmp/workspace"
      managedDataType: "ConfigMap"
      volumeRequest: "requestedVolumeClaim"
      volume {
        uid: "volume-1"
        name: "My volume"
        path: "/"
        sizeAllocated: "10GB"
        persistent: true
        remote: false
      }
    }
    runtimeTopology {
      ref: "component-s"
      dependencies {
        ref: "component-r"
      }
    }
  }
}
